../Core/Src/FLP_lib_chars.c:18:6:fill_pixel	4	static
../Core/Src/FLP_lib_chars.c:31:6:copy_dot	56	static
../Core/Src/FLP_lib_chars.c:40:6:copy_comma	32	static
../Core/Src/FLP_lib_chars.c:49:6:copy_dash	64	static
../Core/Src/FLP_lib_chars.c:58:6:copy_plus	64	static
../Core/Src/FLP_lib_chars.c:72:6:copy_hashtag	32	static
../Core/Src/FLP_lib_chars.c:91:6:copy_at	48	static
../Core/Src/FLP_lib_chars.c:112:6:copy_dollar	48	static
../Core/Src/FLP_lib_chars.c:129:6:copy_equals	16	static
../Core/Src/FLP_lib_chars.c:138:6:copy_slash	12	static
../Core/Src/FLP_lib_chars.c:148:6:copy_star	48	static
../Core/Src/FLP_lib_chars.c:161:6:copy_tilde	32	static
../Core/Src/FLP_lib_chars.c:171:6:copy_semicolon	32	static
../Core/Src/FLP_lib_chars.c:185:6:copy_colon	20	static
../Core/Src/FLP_lib_chars.c:201:6:copy_A	136	static
../Core/Src/FLP_lib_chars.c:209:6:copy_B	128	static
../Core/Src/FLP_lib_chars.c:219:6:copy_C	36	static
../Core/Src/FLP_lib_chars.c:226:6:copy_D	120	static
../Core/Src/FLP_lib_chars.c:236:6:copy_E	56	static
../Core/Src/FLP_lib_chars.c:244:6:copy_F	36	static
../Core/Src/FLP_lib_chars.c:251:6:copy_G	96	static
../Core/Src/FLP_lib_chars.c:260:6:copy_H	112	static
../Core/Src/FLP_lib_chars.c:267:6:copy_I	96	static
../Core/Src/FLP_lib_chars.c:275:6:copy_J	56	static
../Core/Src/FLP_lib_chars.c:283:6:copy_K	64	static
../Core/Src/FLP_lib_chars.c:298:6:copy_L	12	static
../Core/Src/FLP_lib_chars.c:304:6:copy_M	112	static
../Core/Src/FLP_lib_chars.c:316:6:copy_N	112	static
../Core/Src/FLP_lib_chars.c:329:6:copy_O	128	static
../Core/Src/FLP_lib_chars.c:337:6:copy_P	88	static
../Core/Src/FLP_lib_chars.c:345:6:copy_Q	128	static
../Core/Src/FLP_lib_chars.c:357:6:copy_R	112	static
../Core/Src/FLP_lib_chars.c:370:6:copy_S	56	static
../Core/Src/FLP_lib_chars.c:379:6:copy_T	104	static
../Core/Src/FLP_lib_chars.c:386:6:copy_U	104	static
../Core/Src/FLP_lib_chars.c:393:6:copy_V	80	static
../Core/Src/FLP_lib_chars.c:407:6:copy_W	112	static
../Core/Src/FLP_lib_chars.c:419:6:copy_X	64	static
../Core/Src/FLP_lib_chars.c:447:6:copy_Y	56	static
../Core/Src/FLP_lib_chars.c:465:6:copy_Z	56	static
../Core/Src/FLP_lib_chars.c:481:6:copy_space	0	static
../Core/Src/FLP_lib_chars.c:489:6:copy_0	128	static
../Core/Src/FLP_lib_chars.c:502:6:copy_1	36	static
../Core/Src/FLP_lib_chars.c:510:6:copy_2	56	static
../Core/Src/FLP_lib_chars.c:527:6:copy_3	56	static
../Core/Src/FLP_lib_chars.c:545:6:copy_4	80	static
../Core/Src/FLP_lib_chars.c:552:6:copy_5	56	static
../Core/Src/FLP_lib_chars.c:569:6:copy_6	96	static
../Core/Src/FLP_lib_chars.c:578:6:copy_7	48	static
../Core/Src/FLP_lib_chars.c:594:6:copy_8	88	static
../Core/Src/FLP_lib_chars.c:619:6:copy_9	96	static
