../Core/Src/stm32_lcd.c:1012:13:FillTriangle	112	static
../Core/Src/stm32_lcd.c:162:6:UTIL_LCD_SetFuncDriver	16	static
../Core/Src/stm32_lcd.c:187:6:UTIL_LCD_SetLayer	16	static
../Core/Src/stm32_lcd.c:202:6:UTIL_LCD_SetDevice	16	static
../Core/Src/stm32_lcd.c:213:6:UTIL_LCD_SetTextColor	0	static
../Core/Src/stm32_lcd.c:222:10:UTIL_LCD_GetTextColor	0	static
../Core/Src/stm32_lcd.c:231:6:UTIL_LCD_SetBackColor	0	static
../Core/Src/stm32_lcd.c:240:10:UTIL_LCD_GetBackColor	0	static
../Core/Src/stm32_lcd.c:249:6:UTIL_LCD_SetFont	0	static
../Core/Src/stm32_lcd.c:258:8:UTIL_LCD_GetFont	0	static
../Core/Src/stm32_lcd.c:270:6:UTIL_LCD_FillRGBRect	24	static
../Core/Src/stm32_lcd.c:283:6:UTIL_LCD_DrawHLine	24	static
../Core/Src/stm32_lcd.c:303:6:UTIL_LCD_DrawVLine	24	static
../Core/Src/stm32_lcd.c:322:6:UTIL_LCD_GetPixel	16	static
../Core/Src/stm32_lcd.c:338:6:UTIL_LCD_SetPixel	8	static
../Core/Src/stm32_lcd.c:355:6:UTIL_LCD_Clear	24	static
../Core/Src/stm32_lcd.c:365:6:UTIL_LCD_ClearStringLine	32	static
../Core/Src/stm32_lcd.c:378:6:UTIL_LCD_DisplayChar	216	static
../Core/Src/stm32_lcd.c:395:6:UTIL_LCD_DisplayStringAt	32	static
../Core/Src/stm32_lcd.c:456:6:UTIL_LCD_DisplayStringAtLine	4	static
../Core/Src/stm32_lcd.c:469:6:UTIL_LCD_DrawLine	64	static
../Core/Src/stm32_lcd.c:548:6:UTIL_LCD_DrawRect	48	static
../Core/Src/stm32_lcd.c:566:6:UTIL_LCD_DrawCircle	56	static
../Core/Src/stm32_lcd.c:645:6:UTIL_LCD_DrawPolygon	80	static
../Core/Src/stm32_lcd.c:673:6:UTIL_LCD_DrawEllipse	72	static
../Core/Src/stm32_lcd.c:709:6:UTIL_LCD_DrawBitmap	8	static
../Core/Src/stm32_lcd.c:722:6:UTIL_LCD_FillRect	24	static
../Core/Src/stm32_lcd.c:742:6:UTIL_LCD_FillCircle	64	static
../Core/Src/stm32_lcd.c:803:6:UTIL_LCD_FillPolygon	80	static
../Core/Src/stm32_lcd.c:907:6:UTIL_LCD_FillEllipse	72	static
