../Core/Src/touchscreen.c:95:9:pick_color	0	static
../Core/Src/touchscreen.c:112:10:color_filter_to_rgb565	0	static
../Core/Src/touchscreen.c:135:6:set_pixel	72	static
../Core/Src/touchscreen.c:192:6:apply_upgrade	24	static
../Core/Src/touchscreen.c:239:6:check_if_upgrade_clicked	24	static
../Core/Src/touchscreen.c:261:6:change_RGB	24	static
../Core/Src/touchscreen.c:269:6:update_angle	0	static
../Core/Src/touchscreen.c:276:6:draw_donut	16	static,ignoring_inline_asm
../Core/Src/touchscreen.c:285:6:draw_upgrades	56	static
../Core/Src/touchscreen.c:308:6:draw_UI	96	static
../Core/Src/touchscreen.c:332:6:draw_frame	8	static
../Core/Src/touchscreen.c:338:6:reset_frame	16	static
../Core/Src/touchscreen.c:346:6:get_donut_cords	72	static
../Core/Src/touchscreen.c:365:6:AppMain	192	static
