../Core/Src/touchscreen.c:97:9:pick_color	0	static
../Core/Src/touchscreen.c:114:10:color_filter_to_rgb565	0	static
../Core/Src/touchscreen.c:137:6:set_pixel	72	static
../Core/Src/touchscreen.c:194:6:apply_upgrade	24	static
../Core/Src/touchscreen.c:255:6:check_if_upgrade_clicked	24	static
../Core/Src/touchscreen.c:277:6:change_RGB	24	static
../Core/Src/touchscreen.c:285:6:update_angle	0	static
../Core/Src/touchscreen.c:292:6:draw_donut	16	static,ignoring_inline_asm
../Core/Src/touchscreen.c:301:6:draw_upgrades	56	static
../Core/Src/touchscreen.c:324:6:draw_UI	96	static
../Core/Src/touchscreen.c:359:6:draw_frame	8	static
../Core/Src/touchscreen.c:365:6:reset_frame	16	static
../Core/Src/touchscreen.c:373:6:get_donut_cords	72	static
../Core/Src/touchscreen.c:392:6:AppMain	192	static
