../Core/Src/touchscreen.c:104:9:calculate_dps	4	static
../Core/Src/touchscreen.c:113:9:pick_color	0	static
../Core/Src/touchscreen.c:130:10:color_filter_to_rgb565	0	static
../Core/Src/touchscreen.c:185:6:set_pixel	72	static
../Core/Src/touchscreen.c:242:6:apply_upgrade	24	static
../Core/Src/touchscreen.c:308:6:check_if_upgrade_clicked	24	static
../Core/Src/touchscreen.c:330:6:change_RGB	24	static
../Core/Src/touchscreen.c:338:6:update_angle	0	static
../Core/Src/touchscreen.c:345:6:draw_donut	16	static,ignoring_inline_asm
../Core/Src/touchscreen.c:151:6:initiate_third_impact	16	static
../Core/Src/touchscreen.c:354:6:draw_upgrades	56	static
../Core/Src/touchscreen.c:376:6:draw_UI	96	static
../Core/Src/touchscreen.c:412:6:draw_frame	8	static
../Core/Src/touchscreen.c:418:6:reset_frame	16	static
../Core/Src/touchscreen.c:426:6:get_donut_cords	72	static
../Core/Src/touchscreen.c:444:6:draw_frame_low_power	56	static,ignoring_inline_asm
../Core/Src/touchscreen.c:481:6:check_for_inactivity	0	static
../Core/Src/touchscreen.c:488:6:AppMain	192	static
