../Core/Src/touchscreen.c:99:9:calculate_dps	4	static
../Core/Src/touchscreen.c:108:9:pick_color	0	static
../Core/Src/touchscreen.c:125:10:color_filter_to_rgb565	0	static
../Core/Src/touchscreen.c:145:6:set_to_white	16	static
../Core/Src/touchscreen.c:185:6:set_pixel	72	static
../Core/Src/touchscreen.c:325:6:change_RGB	24	static
../Core/Src/touchscreen.c:333:6:update_angle	0	static
../Core/Src/touchscreen.c:340:6:draw_donut	16	static,ignoring_inline_asm
../Core/Src/touchscreen.c:155:6:initiate_third_impact	16	static
../Core/Src/touchscreen.c:242:6:apply_upgrade	24	static
../Core/Src/touchscreen.c:303:6:check_if_upgrade_clicked	24	static
../Core/Src/touchscreen.c:349:6:draw_upgrades	56	static
../Core/Src/touchscreen.c:372:6:draw_UI	96	static
../Core/Src/touchscreen.c:407:6:draw_frame	8	static
../Core/Src/touchscreen.c:413:6:reset_frame	16	static
../Core/Src/touchscreen.c:421:6:get_donut_cords	72	static
../Core/Src/touchscreen.c:440:6:AppMain	192	static
