../Core/Src/touchscreen.c:104:9:calculate_dps	4	static
../Core/Src/touchscreen.c:113:9:pick_color	0	static
../Core/Src/touchscreen.c:130:10:color_filter_to_rgb565	0	static
../Core/Src/touchscreen.c:185:6:set_pixel	72	static
../Core/Src/touchscreen.c:242:6:apply_upgrade	24	static
../Core/Src/touchscreen.c:315:6:check_if_upgrade_clicked	24	static
../Core/Src/touchscreen.c:337:6:change_RGB	24	static
../Core/Src/touchscreen.c:345:6:update_angle	0	static
../Core/Src/touchscreen.c:352:6:draw_donut	16	static,ignoring_inline_asm
../Core/Src/touchscreen.c:151:6:initiate_third_impact	16	static
../Core/Src/touchscreen.c:361:6:draw_upgrades	48	static
../Core/Src/touchscreen.c:383:6:draw_UI	96	static
../Core/Src/touchscreen.c:423:6:draw_frame	8	static
../Core/Src/touchscreen.c:429:6:reset_frame	16	static
../Core/Src/touchscreen.c:437:6:get_donut_cords	72	static
../Core/Src/touchscreen.c:455:6:draw_frame_low_power	56	static,ignoring_inline_asm
../Core/Src/touchscreen.c:492:6:check_for_inactivity	0	static
../Core/Src/touchscreen.c:499:6:DonutRotatus	192	static
