../Core/Src/pn532/pn532.c:44:5:PN532_WriteFrame	288	static
../Core/Src/pn532/pn532.c:84:5:PN532_ReadFrame	288	static
../Core/Src/pn532/pn532.c:143:5:PN532_CallFunction.constprop	552	static
../Core/Src/pn532/pn532.c:143:5:PN532_CallFunction.constprop	552	static
../Core/Src/pn532/pn532.c:143:5:PN532_CallFunction.constprop.isra	536	static
../Core/Src/pn532/pn532.c:143:5:PN532_CallFunction.constprop.isra	544	static
../Core/Src/pn532/pn532.c:143:5:PN532_CallFunction.constprop.isra	536	static
../Core/Src/pn532/pn532.c:143:5:PN532_CallFunction	288	static
../Core/Src/pn532/pn532.c:199:5:PN532_GetFirmwareVersion	24	static
../Core/Src/pn532/pn532.c:212:5:PN532_SamConfiguration	24	static
../Core/Src/pn532/pn532.c:231:5:PN532_ReadPassiveTarget	48	static
../Core/Src/pn532/pn532.c:269:5:PN532_MifareClassicAuthenticateBlock	56	static
../Core/Src/pn532/pn532.c:304:5:PN532_MifareClassicReadBlock	40	static
../Core/Src/pn532/pn532.c:328:5:PN532_MifareClassicWriteBlock	32	static
../Core/Src/pn532/pn532.c:349:5:PN532_Ntag2xxReadBlock	40	static
../Core/Src/pn532/pn532.c:376:5:PN532_Ntag2xxWriteBlock	24	static
../Core/Src/pn532/pn532.c:404:5:PN532_ReadGpio	16	static
../Core/Src/pn532/pn532.c:413:6:PN532_ReadGpioP	24	static
../Core/Src/pn532/pn532.c:430:6:PN532_ReadGpioI	24	static
../Core/Src/pn532/pn532.c:459:5:PN532_WriteGpio	24	static
../Core/Src/pn532/pn532.c:473:5:PN532_WriteGpioP	32	static
